2026-09-30 11:37:08 [info] Kiro Auto Allow 1.0.0 を起動しました
2026-09-30 11:37:08 [info] 設定ファイル: C:\Users\関家颯\AppData\Local\KiroAutoAllow\config.json
2026-09-30 11:37:08 [info] クリック対象は Kiro の承認 UI 内で名前が完全一致する 'Allow' だけです
2026-09-30 11:37:08 [info] Always allow / Deny / Always deny / Cancel はクリックしません
2026-09-30 11:37:08 [info] [Auto Allow: ON] にすると監視を開始します
2026-09-30 11:37:08 [info] Kiro を検出しました: 'Changes (1 file) (1 個のファイル) - 自動allow - Kiro' (hwnd=0x20858, pid=24168, kiro.exe)
2026-09-30 11:38:44 [info] Kiro が処理中です（ボタン 'Cancel' が表示されています）
2026-09-30 11:39:17 [ok] 処理が完了しました。次のプロンプトを送信できます
2026-09-30 11:40:06 [info] Kiro が処理中です（ボタン 'Cancel' が表示されています）
2026-09-30 11:40:49 [ok] 処理が完了しました。次のプロンプトを送信できます
2026-09-30 11:42:15 [info] Kiro が処理中です（'Working' が表示されています）
2026-09-30 11:43:05 [ok] 処理が完了しました。次のプロンプトを送信できます
2026-09-30 11:45:34 [ok] Auto Allow を開始しました
2026-09-30 11:45:41 [info] Kiro が処理中です（ボタン 'Cancel' が表示されています）
2026-09-30 11:48:36 [detect] 承認画面を検出しました
2026-09-30 11:48:36 [info] 承認メッセージ: Your approval is required to continue: .venv\Scripts\python.exe -m py_compile KiroAutoAllow.py; "RC=$LASTEXITCODE" | Out-File -Encoding utf8 _c.txt
2026-09-30 11:48:36 [info] 検出したボタン：Allow（ControlType=Button Rect=(1528, 826, 1599, 864)）
2026-09-30 11:48:36 [info] 検出したボタン：Always allow（ControlType=Button Rect=(1608, 826, 1732, 864)）
2026-09-30 11:48:36 [info] 検出したボタン：Deny（ControlType=Button Rect=(1741, 826, 1809, 864)）
2026-09-30 11:48:36 [info] 検出したボタン：Always deny（ControlType=Button Rect=(1528, 873, 1650, 911)）
2026-09-30 11:48:36 [detect] Allow ボタンを検出しました（(1528, 826, 1599, 864)）
2026-09-30 11:48:36 [info] 確認: Kiro ウィンドウ 'Changes (1 file) (1 個のファイル) - 自動allow - Kiro' (hwnd=0x20858, pid=24168, kiro.exe)
2026-09-30 11:48:36 [info] 確認: ボタン名が完全一致（'Allow'）/ ControlType=Button
2026-09-30 11:48:36 [info] 確認: 座標 (1528, 826, 1599, 864)
2026-09-30 11:48:36 [ok] クリック対象確認 OK
2026-09-30 11:48:37 [ok] Allow をクリックしました（UI Automation / Invoke）
2026-09-30 11:49:06 [detect] 承認画面を検出しました
2026-09-30 11:49:06 [info] 承認メッセージ: Your approval is required to continue: .venv\Scripts\python.exe _detail.py 2>&1 | Out-File -Encoding utf8 _detail.err
2026-09-30 11:49:06 [info] 検出したボタン：Allow（ControlType=Button Rect=(1528, 826, 1599, 864)）
2026-09-30 11:49:06 [info] 検出したボタン：Always allow（ControlType=Button Rect=(1608, 826, 1732, 864)）
2026-09-30 11:49:06 [info] 検出したボタン：Deny（ControlType=Button Rect=(1741, 826, 1809, 864)）
2026-09-30 11:49:06 [info] 検出したボタン：Always deny（ControlType=Button Rect=(1528, 873, 1650, 911)）
2026-09-30 11:49:06 [detect] Allow ボタンを検出しました（(1528, 826, 1599, 864)）
2026-09-30 11:49:06 [info] 確認: Kiro ウィンドウ 'Changes (1 file) (1 個のファイル) - 自動allow - Kiro' (hwnd=0x20858, pid=24168, kiro.exe)
2026-09-30 11:49:06 [info] 確認: ボタン名が完全一致（'Allow'）/ ControlType=Button
2026-09-30 11:49:06 [info] 確認: 座標 (1528, 826, 1599, 864)
2026-09-30 11:49:06 [ok] クリック対象確認 OK
2026-09-30 11:49:07 [ok] Allow をクリックしました（UI Automation / Invoke）
2026-09-30 11:49:21 [detect] 承認画面を検出しました
2026-09-30 11:49:21 [info] 承認メッセージ: Your approval is required to continue: $p = Start-Process -FilePath ".\.venv\Scripts\python.exe" -ArgumentList "_detail.py" -NoNewWindow -PassThru -RedirectStandardError "_detail.err" -RedirectStandardOutput "_detail.out"; $p.WaitForExit(); "exit=$($p.ExitCode)" | Out-File -Encoding utf8 _detail.code.txt
2026-09-30 11:49:21 [info] 検出したボタン：Allow（ControlType=Button Rect=(1528, 826, 1599, 864)）
2026-09-30 11:49:21 [info] 検出したボタン：Always allow（ControlType=Button Rect=(1608, 826, 1732, 864)）
2026-09-30 11:49:21 [info] 検出したボタン：Deny（ControlType=Button Rect=(1741, 826, 1809, 864)）
2026-09-30 11:49:21 [info] 検出したボタン：Always deny（ControlType=Button Rect=(1528, 873, 1650, 911)）
2026-09-30 11:49:21 [detect] Allow ボタンを検出しました（(1528, 826, 1599, 864)）
2026-09-30 11:49:21 [info] 確認: Kiro ウィンドウ 'Changes (1 file) (1 個のファイル) - 自動allow - Kiro' (hwnd=0x20858, pid=24168, kiro.exe)
2026-09-30 11:49:21 [info] 確認: ボタン名が完全一致（'Allow'）/ ControlType=Button
2026-09-30 11:49:21 [info] 確認: 座標 (1528, 826, 1599, 864)
2026-09-30 11:49:21 [ok] クリック対象確認 OK
2026-09-30 11:49:21 [ok] Allow をクリックしました（UI Automation / Invoke）
2026-09-30 11:50:24 [detect] 承認画面を検出しました
2026-09-30 11:50:24 [info] 承認メッセージ: Your approval is required to continue: .venv\Scripts\python.exe -m py_compile KiroAutoAllow.py; "compile=$LASTEXITCODE" | Out-File -Encoding utf8 _c2.txt; taskkill /f /im KiroAutoAllow.exe 2>$null | Out-Null; .venv\Scripts\python.exe -m PyInstaller --noconfirm --clean KiroAutoAllow.spec 2>&1 | Select-Object -Last 3 | Out-File -Append -Encoding utf8 _c2.txt
2026-09-30 11:50:24 [info] 検出したボタン：Allow（ControlType=Button Rect=(1528, 826, 1599, 864)）
2026-09-30 11:50:24 [info] 検出したボタン：Always allow（ControlType=Button Rect=(1608, 826, 1732, 864)）
2026-09-30 11:50:24 [info] 検出したボタン：Deny（ControlType=Button Rect=(1741, 826, 1809, 864)）
2026-09-30 11:50:24 [info] 検出したボタン：Always deny（ControlType=Button Rect=(1528, 873, 1650, 911)）
2026-09-30 11:50:24 [detect] Allow ボタンを検出しました（(1528, 826, 1599, 864)）
2026-09-30 11:50:24 [info] 確認: Kiro ウィンドウ 'Changes (1 file) (1 個のファイル) - 自動allow - Kiro' (hwnd=0x20858, pid=24168, kiro.exe)
2026-09-30 11:50:24 [info] 確認: ボタン名が完全一致（'Allow'）/ ControlType=Button
2026-09-30 11:50:24 [info] 確認: 座標 (1528, 826, 1599, 864)
2026-09-30 11:50:24 [ok] クリック対象確認 OK
2026-09-30 11:50:25 [ok] Allow をクリックしました（UI Automation / Invoke）
2026-09-30 11:51:42 [info] Kiro Auto Allow 1.0.0 を起動しました
2026-09-30 11:51:42 [info] 設定ファイル: C:\Users\関家颯\AppData\Local\KiroAutoAllow\config.json
2026-09-30 11:51:42 [info] クリック対象は Kiro の承認 UI 内で名前が完全一致する 'Allow' だけです
2026-09-30 11:51:42 [info] Always allow / Deny / Always deny / Cancel はクリックしません
2026-09-30 11:51:42 [info] [Auto Allow: ON] にすると監視を開始します
2026-09-30 11:51:42 [info] Kiro を検出しました: 'Changes (1 file) (1 個のファイル) - 自動allow - Kiro' (hwnd=0x20858, pid=24168, kiro.exe)
2026-09-30 11:51:42 [info] Kiro が処理中です（ボタン 'Cancel' が表示されています）
